2026-02-28 19:54:59 +0000 [MT] Initial pipeline context: <IDEDistributionProcessingPipelineContext: 0x13d80aaa0; archive(resolved)="<IDEArchive: 0x600002b30cb0>", distributionTask(resolved)="2", distributionDestination(resolved)="1", distributionMethod(resolved)="<IDEDistributionMethodiOSAppStoreDistribution: 0x600000263360>", team(resolved)="<IDEProvisioningBasicTeam: 0x6000001b78a0; teamID='B5X96QDRF4', teamName='(null)'>">
	Chain (15, self inclusive):
	<IDEDistributionProcessingPipelineContext: 0x13d80aaa0; archive = "<IDEArchive: 0x600002b30cb0>", distributionMethod="<IDEDistributionMethodiOSAppStoreDistribution: 0x600000263360>", team="<IDEProvisioningBasicTeam: 0x6000001b78a0; teamID='B5X96QDRF4', teamName='(null)'>">
	<IDEDistributionProcessingPipelineContext: 0x13d80a810; archive = "<IDEArchive: 0x600002b30cb0>", distributionMethod="<IDEDistributionMethodiOSAppStoreDistribution: 0x600000263360>", team="<IDEProvisioningBasicTeam: 0x6000001b78a0; teamID='B5X96QDRF4', teamName='(null)'>">
	<IDEDistributionContext: 0x13d8069e0; archive = "<IDEArchive: 0x600002b30cb0>", distributionMethod="<IDEDistributionMethodiOSAppStoreDistribution: 0x600000263360>", team="<IDEProvisioningBasicTeam: 0x6000001b78a0; teamID='B5X96QDRF4', teamName='(null)'>">
	<IDEDistributionContext: 0x13c722250; archive = "<IDEArchive: 0x600002b30cb0>", distributionMethod="<IDEDistributionMethodiOSAppStoreDistribution: 0x600000263360>", team="<IDEProvisioningBasicTeam: 0x6000001b78a0; teamID='B5X96QDRF4', teamName='(null)'>">
	<IDEDistributionContext: 0x13c718d60; archive = "<IDEArchive: 0x600002b30cb0>", distributionMethod="<IDEDistributionMethodiOSAppStoreDistribution: 0x600000263360>", team="<IDEProvisioningBasicTeam: 0x6000001b78a0; teamID='B5X96QDRF4', teamName='(null)'>">
	<IDEDistributionContext: 0x13d80a600; archive = "<IDEArchive: 0x600002b30cb0>", distributionMethod="<IDEDistributionMethodiOSAppStoreDistribution: 0x600000263360>", team="<IDEProvisioningBasicTeam: 0x6000001b78a0; teamID='B5X96QDRF4', teamName='(null)'>">
	<IDEDistributionContext: 0x13d80a3f0; archive = "<IDEArchive: 0x600002b30cb0>", distributionMethod="<IDEDistributionMethodiOSAppStoreDistribution: 0x600000263360>", team="<IDEProvisioningBasicTeam: 0x6000001b78a0; teamID='B5X96QDRF4', teamName='(null)'>">
	<IDEDistributionContext: 0x13d80a1e0; archive = "<IDEArchive: 0x600002b30cb0>", distributionMethod="<IDEDistributionMethodiOSAppStoreDistribution: 0x600000263360>", team="<IDEProvisioningBasicTeam: 0x6000001b78a0; teamID='B5X96QDRF4', teamName='(null)'>">
	<IDEDistributionContext: 0x13d809fd0; archive = "<IDEArchive: 0x600002b30cb0>", distributionMethod="<IDEDistributionMethodiOSAppStoreDistribution: 0x600000263360>", team="<IDEProvisioningBasicTeam: 0x6000001b78a0; teamID='B5X96QDRF4', teamName='(null)'>">
	<IDEDistributionContext: 0x13d8099e0; archive = "<IDEArchive: 0x600002b30cb0>", distributionMethod="<IDEDistributionMethodiOSAppStoreDistribution: 0x600000263360>", team="<IDEProvisioningBasicTeam: 0x6000001b78a0; teamID='B5X96QDRF4', teamName='(null)'>">
	<IDEDistributionContext: 0x13d8162b0; archive = "<IDEArchive: 0x600002b30cb0>", distributionMethod="<IDEDistributionMethodiOSAppStoreDistribution: 0x600000263360>", team="<IDEProvisioningBasicTeam: 0x6000001b78a0; teamID='B5X96QDRF4', teamName='(null)'>">
	<IDEDistributionContext: 0x13d9368e0; archive = "<IDEArchive: 0x600002b30cb0>", distributionMethod="<IDEDistributionMethodiOSAppStoreDistribution: 0x600000263360>", team="<IDEProvisioningBasicTeam: 0x6000001b78a0; teamID='B5X96QDRF4', teamName='(null)'>">
	<IDEDistributionContext: 0x13d937e60; archive = "<IDEArchive: 0x600002b30cb0>", distributionMethod="<IDEDistributionMethodiOSAppStoreDistribution: 0x600000263360>", team="(null)">
	<IDEDistributionContext: 0x115d05080; archive = "<IDEArchive: 0x600002b30cb0>", distributionMethod="<IDEDistributionMethodiOSAppStoreDistribution: 0x600000263360>", team="(null)">
	<IDEDistributionContext: 0x13d807ee0; archive = "<IDEArchive: 0x600002b30cb0>", distributionMethod="(null)", team="(null)">
</IDEDistributionProcessingPipelineContext: 0x13d80aaa0>
2026-02-28 19:54:59 +0000 [MT] Processing step: IDEDistributionCreateDestRootStep
2026-02-28 19:54:59 +0000 [MT] Processing step: IDEDistributionCopyItemStep
2026-02-28 19:54:59 +0000 [MT] Running /usr/bin/ditto '-V' '/Users/familybot/Library/Developer/Xcode/Archives/2026-02-28/SwiftDesignPlayground.xcarchive/Products/Applications/SwiftDesignPlayground.app' '/var/folders/lb/l41ynz4x66b69jr5p169jdw40000gp/T/XcodeDistPipeline.~~~GBiskn/Root/Payload/SwiftDesignPlayground.app'
2026-02-28 19:54:59 +0000  >>> Copying /Users/familybot/Library/Developer/Xcode/Archives/2026-02-28/SwiftDesignPlayground.xcarchive/Products/Applications/SwiftDesignPlayground.app 
2026-02-28 19:54:59 +0000  copying file ./_CodeSignature/CodeResources ... 
2026-02-28 19:54:59 +0000  2775 bytes for ./_CodeSignature/CodeResources
2026-02-28 19:54:59 +0000  copying file ./AppIcon60x60@2x.png ... 
2026-02-28 19:54:59 +0000  43895 bytes for ./AppIcon60x60@2x.png
2026-02-28 19:54:59 +0000  copying file ./Assets.car ... 
2026-02-28 19:54:59 +0000  13813688 bytes for ./Assets.car
2026-02-28 19:54:59 +0000  copying file ./AppIcon76x76@2x~ipad.png ... 
2026-02-28 19:54:59 +0000  70033 bytes for ./AppIcon76x76@2x~ipad.png
2026-02-28 19:54:59 +0000  copying file ./embedded.mobileprovision ... 
2026-02-28 19:54:59 +0000  12201 bytes for ./embedded.mobileprovision
2026-02-28 19:54:59 +0000  copying file ./SwiftDesignPlayground ... 
2026-02-28 19:54:59 +0000  94304 bytes for ./SwiftDesignPlayground
2026-02-28 19:54:59 +0000  copying file ./Info.plist ... 
2026-02-28 19:54:59 +0000  1311 bytes for ./Info.plist
2026-02-28 19:54:59 +0000  copying file ./PkgInfo ... 
2026-02-28 19:54:59 +0000  8 bytes for ./PkgInfo
2026-02-28 19:54:59 +0000 [MT] /usr/bin/ditto exited with 0
2026-02-28 19:54:59 +0000 [MT] Processing step: IDEDistributionEmbedProfileStep
2026-02-28 19:54:59 +0000 [MT] Processing step: IDEDistributionInfoPlistStep
2026-02-28 19:54:59 +0000 [MT] Skipping setting DTXcodeBuildDistribution because toolsBuildVersionName was nil.
2026-02-28 19:54:59 +0000 [MT] Processing step: IDEDistributionItemRemovalStep
2026-02-28 19:54:59 +0000 [MT] Processing step: IDEDistributionAppThinningPlistStep
2026-02-28 19:54:59 +0000 [MT] Skipping step: IDEDistributionAppThinningPlistStep because it said so
2026-02-28 19:54:59 +0000 [MT] Processing step: IDEDistributionSymbolsStep
2026-02-28 19:54:59 +0000 [MT] Writing /var/folders/lb/l41ynz4x66b69jr5p169jdw40000gp/T/XcodeDistPipeline.~~~GBiskn/Symbols/086288A3-F8FC-3517-AF9C-3E695FF00B18.symbols
2026-02-28 19:54:59 +0000 [MT] Processing step: IDEDistributionCopyAppleProvidedContentStep
2026-02-28 19:54:59 +0000 [MT] Processing step: IDEDistributionAppThinningStep
2026-02-28 19:54:59 +0000 [MT] Skipping step: IDEDistributionAppThinningStep because it said so
2026-02-28 19:54:59 +0000 [MT] Processing step: IDEDistributionArchThinningStep
2026-02-28 19:54:59 +0000 [MT] Archs to thin for item /Users/familybot/Library/Developer/Xcode/Archives/2026-02-28/SwiftDesignPlayground.xcarchive/Products/Applications/SwiftDesignPlayground.app are []
2026-02-28 19:54:59 +0000 [MT] Processing step: IDEDistributionODRStep
2026-02-28 19:54:59 +0000 [MT] Processing step: IDEDistributionStripXattrsStep
2026-02-28 19:54:59 +0000 [MT] Skipping stripping extended attributes because the codesign step will strip them.
2026-02-28 19:54:59 +0000 [MT] Processing step: IDEDistributionCodesignStep
2026-02-28 19:54:59 +0000 [MT] Entitlements for <IDEDistributionItem: 0x6000024a5f20; bundleID='com.jrgrafton.swift.design.playground', path='<DVTFilePath:0x600002b30d20:'/Users/familybot/Library/Developer/Xcode/Archives/2026-02-28/SwiftDesignPlayground.xcarchive/Products/Applications/SwiftDesignPlayground.app'>', codeSigningInfo='<_DVTCodeSigningInformation_Path: 0x60000249e760; isSigned='1', isAdHocSigned='0', signingCertificate='<DVTSigningCertificate: 0x6000035700c0; name='Apple Distribution: james grafton (B5X96QDRF4)', hash='804B6355BEE56AFBF89F010FA4724DBD6F98A2D2', serialNumber='32C0DB07B8BB9451EADADB75363613C3', certificateKinds='(
    "1.2.840.113635.100.6.1.7",
    "1.2.840.113635.100.6.1.4"
), issueDate='2026-02-18 06:39:51 +0000''>', entitlements='{
    "application-identifier" = "B5X96QDRF4.com.jrgrafton.swift.design.playground";
    "beta-reports-active" = 1;
    "com.apple.developer.team-identifier" = B5X96QDRF4;
    "get-task-allow" = 0;
}', teamID='B5X96QDRF4', identifier='com.jrgrafton.swift.design.playground', executablePath='<DVTFilePath:0x600002b34fc0:'/Users/familybot/Library/Developer/Xcode/Archives/2026-02-28/SwiftDesignPlayground.xcarchive/Products/Applications/SwiftDesignPlayground.app/SwiftDesignPlayground'>', hardenedRuntime='0'>'>: {
    "application-identifier" = "B5X96QDRF4.com.jrgrafton.swift.design.playground";
    "beta-reports-active" = 1;
    "com.apple.developer.team-identifier" = B5X96QDRF4;
    "get-task-allow" = 0;
}
2026-02-28 19:54:59 +0000 [MT] Associated App Clip Identifiers Filter: Skipping because "com.apple.developer.associated-appclip-app-identifiers" is not present
2026-02-28 19:54:59 +0000 [MT] Entitlements for <IDEDistributionItem: 0x6000024a5f20; bundleID='com.jrgrafton.swift.design.playground', path='<DVTFilePath:0x600002b30d20:'/Users/familybot/Library/Developer/Xcode/Archives/2026-02-28/SwiftDesignPlayground.xcarchive/Products/Applications/SwiftDesignPlayground.app'>', codeSigningInfo='<_DVTCodeSigningInformation_Path: 0x60000249e760; isSigned='1', isAdHocSigned='0', signingCertificate='<DVTSigningCertificate: 0x6000035600c0; name='Apple Distribution: james grafton (B5X96QDRF4)', hash='804B6355BEE56AFBF89F010FA4724DBD6F98A2D2', serialNumber='32C0DB07B8BB9451EADADB75363613C3', certificateKinds='(
    "1.2.840.113635.100.6.1.7",
    "1.2.840.113635.100.6.1.4"
), issueDate='2026-02-18 06:39:51 +0000''>', entitlements='{
    "application-identifier" = "B5X96QDRF4.com.jrgrafton.swift.design.playground";
    "beta-reports-active" = 1;
    "com.apple.developer.team-identifier" = B5X96QDRF4;
    "get-task-allow" = 0;
}', teamID='B5X96QDRF4', identifier='com.jrgrafton.swift.design.playground', executablePath='<DVTFilePath:0x600002b34fc0:'/Users/familybot/Library/Developer/Xcode/Archives/2026-02-28/SwiftDesignPlayground.xcarchive/Products/Applications/SwiftDesignPlayground.app/SwiftDesignPlayground'>', hardenedRuntime='0'>'> are: {
    "application-identifier" = "B5X96QDRF4.com.jrgrafton.swift.design.playground";
    "beta-reports-active" = 1;
    "com.apple.developer.team-identifier" = B5X96QDRF4;
    "get-task-allow" = 0;
}
2026-02-28 19:54:59 +0000 [MT] Writing entitlements for <IDEDistributionItem: 0x6000024a5f20; bundleID='com.jrgrafton.swift.design.playground', path='<DVTFilePath:0x600002b30d20:'/Users/familybot/Library/Developer/Xcode/Archives/2026-02-28/SwiftDesignPlayground.xcarchive/Products/Applications/SwiftDesignPlayground.app'>', codeSigningInfo='<_DVTCodeSigningInformation_Path: 0x60000249e760; isSigned='1', isAdHocSigned='0', signingCertificate='<DVTSigningCertificate: 0x600003570180; name='Apple Distribution: james grafton (B5X96QDRF4)', hash='804B6355BEE56AFBF89F010FA4724DBD6F98A2D2', serialNumber='32C0DB07B8BB9451EADADB75363613C3', certificateKinds='(
    "1.2.840.113635.100.6.1.7",
    "1.2.840.113635.100.6.1.4"
), issueDate='2026-02-18 06:39:51 +0000''>', entitlements='{
    "application-identifier" = "B5X96QDRF4.com.jrgrafton.swift.design.playground";
    "beta-reports-active" = 1;
    "com.apple.developer.team-identifier" = B5X96QDRF4;
    "get-task-allow" = 0;
}', teamID='B5X96QDRF4', identifier='com.jrgrafton.swift.design.playground', executablePath='<DVTFilePath:0x600002b34fc0:'/Users/familybot/Library/Developer/Xcode/Archives/2026-02-28/SwiftDesignPlayground.xcarchive/Products/Applications/SwiftDesignPlayground.app/SwiftDesignPlayground'>', hardenedRuntime='0'>'> to: /var/folders/lb/l41ynz4x66b69jr5p169jdw40000gp/T/XcodeDistPipeline.~~~GBiskn/entitlements~~~lQO8Qj
2026-02-28 19:54:59 +0000 [MT] invoking codesign: <NSConcreteTask: 0x6000020259f0; launchPath='/usr/bin/codesign', arguments='(
    "-f",
    "-s",
    804B6355BEE56AFBF89F010FA4724DBD6F98A2D2,
    "--entitlements",
    "/var/folders/lb/l41ynz4x66b69jr5p169jdw40000gp/T/XcodeDistPipeline.~~~GBiskn/entitlements~~~lQO8Qj",
    "--preserve-metadata=identifier,flags,runtime,launch-constraints,library-constraints",
    "--generate-entitlement-der",
    "--strip-disallowed-xattrs",
    "-vvv",
    "/var/folders/lb/l41ynz4x66b69jr5p169jdw40000gp/T/XcodeDistPipeline.~~~GBiskn/Root/Payload/SwiftDesignPlayground.app"
)'>
2026-02-28 19:54:59 +0000 [MT] codesign output: /var/folders/lb/l41ynz4x66b69jr5p169jdw40000gp/T/XcodeDistPipeline.~~~GBiskn/Root/Payload/SwiftDesignPlayground.app: replacing existing signature
/var/folders/lb/l41ynz4x66b69jr5p169jdw40000gp/T/XcodeDistPipeline.~~~GBiskn/Root/Payload/SwiftDesignPlayground.app: signed app bundle with Mach-O thin (arm64) [com.jrgrafton.swift.design.playground]
2026-02-28 19:54:59 +0000 [MT] Processing step: IDEDistributionZipODRItemStep
2026-02-28 19:54:59 +0000 [MT] Skipping step: IDEDistributionZipODRItemStep because it said so
2026-02-28 19:54:59 +0000 [MT] Processing step: IDEDistributionCreateIPAStep
2026-02-28 19:54:59 +0000 [MT] Running /usr/bin/rsync '-8aPhhE' '/var/folders/lb/l41ynz4x66b69jr5p169jdw40000gp/T/XcodeDistPipeline.~~~GBiskn/Symbols' '--link-dest' '/var/folders/lb/l41ynz4x66b69jr5p169jdw40000gp/T/XcodeDistPipeline.~~~GBiskn' '/var/folders/lb/l41ynz4x66b69jr5p169jdw40000gp/T/XcodeDistPipeline.~~~GBiskn/Root'
2026-02-28 19:54:59 +0000  Symbols/
Symbols/086288A3-F8FC-3517-AF9C-3E695FF00B18.symbols
2026-02-28 19:54:59 +0000 [MT] /usr/bin/rsync exited with 0
2026-02-28 19:54:59 +0000 [MT] Running /usr/bin/ditto '-V' '-c' '-k' '--norsrc' '/var/folders/lb/l41ynz4x66b69jr5p169jdw40000gp/T/XcodeDistPipeline.~~~GBiskn/Root' '/var/folders/lb/l41ynz4x66b69jr5p169jdw40000gp/T/XcodeDistPipeline.~~~GBiskn/Packages/SwiftDesignPlayground.ipa'
2026-02-28 19:54:59 +0000  >>> Copying /var/folders/lb/l41ynz4x66b69jr5p169jdw40000gp/T/XcodeDistPipeline.~~~GBiskn/Root 
2026-02-28 19:54:59 +0000  copying file ./Payload/SwiftDesignPlayground.app/_CodeSignature/CodeResources ... 
2026-02-28 19:54:59 +0000  2775 bytes for ./Payload/SwiftDesignPlayground.app/_CodeSignature/CodeResources
2026-02-28 19:54:59 +0000  copying file ./Payload/SwiftDesignPlayground.app/AppIcon60x60@2x.png ... 
2026-02-28 19:54:59 +0000  43895 bytes for ./Payload/SwiftDesignPlayground.app/AppIcon60x60@2x.png
2026-02-28 19:54:59 +0000  copying file ./Payload/SwiftDesignPlayground.app/Assets.car ... 
2026-02-28 19:54:59 +0000  13813688 bytes for ./Payload/SwiftDesignPlayground.app/Assets.car
2026-02-28 19:54:59 +0000  copying file ./Payload/SwiftDesignPlayground.app/AppIcon76x76@2x~ipad.png ... 
2026-02-28 19:54:59 +0000  70033 bytes for ./Payload/SwiftDesignPlayground.app/AppIcon76x76@2x~ipad.png
2026-02-28 19:54:59 +0000  copying file ./Payload/SwiftDesignPlayground.app/embedded.mobileprovision ... 
2026-02-28 19:54:59 +0000  12201 bytes for ./Payload/SwiftDesignPlayground.app/embedded.mobileprovision
2026-02-28 19:54:59 +0000  copying file ./Payload/SwiftDesignPlayground.app/SwiftDesignPlayground ... 
2026-02-28 19:54:59 +0000  94304 bytes for ./Payload/SwiftDesignPlayground.app/SwiftDesignPlayground
2026-02-28 19:54:59 +0000  copying file ./Payload/SwiftDesignPlayground.app/Info.plist ... 
1311 bytes for ./Payload/SwiftDesignPlayground.app/Info.plist
2026-02-28 19:54:59 +0000  copying file ./Payload/SwiftDesignPlayground.app/PkgInfo ... 
8 bytes for ./Payload/SwiftDesignPlayground.app/PkgInfo
2026-02-28 19:54:59 +0000  copying file ./Symbols/086288A3-F8FC-3517-AF9C-3E695FF00B18.symbols ... 
2026-02-28 19:54:59 +0000  22188 bytes for ./Symbols/086288A3-F8FC-3517-AF9C-3E695FF00B18.symbols
2026-02-28 19:54:59 +0000 [MT] /usr/bin/ditto exited with 0
2026-02-28 19:54:59 +0000 [MT] Processing step: IDEDistributionAppStoreInformationStep
2026-02-28 19:54:59 +0000 [MT] Skipping step: IDEDistributionAppStoreInformationStep because it said so
2026-02-28 19:54:59 +0000 [MT] Processing step: IDEDistributionGenerateProcessedDistributionItems
2026-02-28 19:54:59 +0000 [MT] IDEDistributionItem init <DVTFilePath:0x600002b32530:'/var/folders/lb/l41ynz4x66b69jr5p169jdw40000gp/T/XcodeDistPipeline.~~~GBiskn/Root/Payload/SwiftDesignPlayground.app'>
2026-02-28 19:54:59 +0000 [MT] Processing step: IDEDistributionCreateManifestStep
2026-02-28 19:54:59 +0000 [MT] Skipping step: IDEDistributionCreateManifestStep because it said so
